
*** Running vivado
    with args -log cpu.vds -m64 -product Vivado -mode batch -messageDb vivado.pb -notrace -source cpu.tcl



****** Vivado v2022.1 (64-bit)
  **** SW Build 3526262 on Mon Apr 18 15:48:16 MDT 2022
  **** IP Build 3524634 on Mon Apr 18 20:55:01 MDT 2022
    ** Copyright 1986-2022 Xilinx, Inc. All Rights Reserved.

source cpu.tcl -notrace
Command: read_checkpoint -auto_incremental -incremental E:/Xilinx/Coumputer_Architecture/CPU/project_1/project_1.srcs/utils_1/imports/synth_1/cpu.dcp
INFO: [Vivado 12-5825] Read reference checkpoint from E:/Xilinx/Coumputer_Architecture/CPU/project_1/project_1.srcs/utils_1/imports/synth_1/cpu.dcp for incremental synthesis
INFO: [Vivado 12-7989] Please ensure there are no constraint changes
Command: synth_design -top cpu -part xc7k70tfbv676-1
Starting synth_design
Attempting to get a license for feature 'Synthesis' and/or device 'xc7k70t'
INFO: [Common 17-349] Got license for feature 'Synthesis' and/or device 'xc7k70t'
INFO: [Designutils 20-5440] No compile time benefit to using incremental synthesis; A full resynthesis will be run
INFO: [Designutils 20-4379] Flow is switching to default flow due to incremental criteria not met. If you would like to alter this behaviour and have the flow terminate instead, please set the following parameter config_implementation {autoIncr.Synth.RejectBehavior Terminate}
INFO: [Synth 8-7079] Multithreading enabled for synth_design using a maximum of 2 processes.
INFO: [Synth 8-7078] Launching helper process for spawning children vivado processes
INFO: [Synth 8-7075] Helper process launched with PID 14648
---------------------------------------------------------------------------------
Starting Synthesize : Time (s): cpu = 00:00:04 ; elapsed = 00:00:04 . Memory (MB): peak = 1294.887 ; gain = 0.000
---------------------------------------------------------------------------------
WARNING: [Synth 8-9112] actual for formal port 'dm_in' is neither a static name nor a globally static expression [E:/Xilinx/Coumputer_Architecture/CPU/project_1/project_1.srcs/sources_1/new/cpu.vhd:135]
INFO: [Synth 8-638] synthesizing module 'cpu' [E:/Xilinx/Coumputer_Architecture/CPU/project_1/project_1.srcs/sources_1/new/cpu.vhd:15]
INFO: [Synth 8-638] synthesizing module 'mux2' [E:/Xilinx/Coumputer_Architecture/CPU/project_1/project_1.srcs/sources_1/new/mux2.vhd:14]
INFO: [Synth 8-256] done synthesizing module 'mux2' (0#1) [E:/Xilinx/Coumputer_Architecture/CPU/project_1/project_1.srcs/sources_1/new/mux2.vhd:14]
INFO: [Synth 8-638] synthesizing module 'instr_mem' [E:/Xilinx/Coumputer_Architecture/CPU/project_1/project_1.srcs/sources_1/new/instr_mem.vhd:15]
INFO: [Synth 8-256] done synthesizing module 'instr_mem' (0#1) [E:/Xilinx/Coumputer_Architecture/CPU/project_1/project_1.srcs/sources_1/new/instr_mem.vhd:15]
INFO: [Synth 8-638] synthesizing module 'cpu_IR_24' [E:/Xilinx/Coumputer_Architecture/CPU/project_1/project_1.srcs/sources_1/new/cpu_ir_24.vhd:19]
INFO: [Synth 8-256] done synthesizing module 'cpu_IR_24' (0#1) [E:/Xilinx/Coumputer_Architecture/CPU/project_1/project_1.srcs/sources_1/new/cpu_ir_24.vhd:19]
INFO: [Synth 8-638] synthesizing module 'cpu_reg_16' [E:/Xilinx/Coumputer_Architecture/CPU/project_1/project_1.srcs/sources_1/new/cpu_reg_16.vhd:15]
INFO: [Synth 8-256] done synthesizing module 'cpu_reg_16' (0#1) [E:/Xilinx/Coumputer_Architecture/CPU/project_1/project_1.srcs/sources_1/new/cpu_reg_16.vhd:15]
INFO: [Synth 8-638] synthesizing module 'cpu_alu_16' [E:/Xilinx/Coumputer_Architecture/CPU/project_1/project_1.srcs/sources_1/new/cpu_alu_16.vhd:17]
INFO: [Synth 8-226] default block is never used [E:/Xilinx/Coumputer_Architecture/CPU/project_1/project_1.srcs/sources_1/new/cpu_alu_16.vhd:32]
INFO: [Synth 8-226] default block is never used [E:/Xilinx/Coumputer_Architecture/CPU/project_1/project_1.srcs/sources_1/new/cpu_alu_16.vhd:92]
INFO: [Synth 8-256] done synthesizing module 'cpu_alu_16' (0#1) [E:/Xilinx/Coumputer_Architecture/CPU/project_1/project_1.srcs/sources_1/new/cpu_alu_16.vhd:17]
INFO: [Synth 8-638] synthesizing module 'data_mem' [E:/Xilinx/Coumputer_Architecture/CPU/project_1/project_1.srcs/sources_1/new/data_mem.vhd:16]
INFO: [Synth 8-256] done synthesizing module 'data_mem' (0#1) [E:/Xilinx/Coumputer_Architecture/CPU/project_1/project_1.srcs/sources_1/new/data_mem.vhd:16]
INFO: [Synth 8-638] synthesizing module 'pc' [E:/Xilinx/Coumputer_Architecture/CPU/project_1/project_1.srcs/sources_1/new/pc.vhd:14]
INFO: [Synth 8-256] done synthesizing module 'pc' (0#1) [E:/Xilinx/Coumputer_Architecture/CPU/project_1/project_1.srcs/sources_1/new/pc.vhd:14]
INFO: [Synth 8-638] synthesizing module 'cpu_controller' [E:/Xilinx/Coumputer_Architecture/CPU/project_1/project_1.srcs/sources_1/new/cpu_controller.vhd:23]
INFO: [Synth 8-256] done synthesizing module 'cpu_controller' (0#1) [E:/Xilinx/Coumputer_Architecture/CPU/project_1/project_1.srcs/sources_1/new/cpu_controller.vhd:23]
INFO: [Synth 8-256] done synthesizing module 'cpu' (0#1) [E:/Xilinx/Coumputer_Architecture/CPU/project_1/project_1.srcs/sources_1/new/cpu.vhd:15]
---------------------------------------------------------------------------------
Finished Synthesize : Time (s): cpu = 00:00:05 ; elapsed = 00:00:06 . Memory (MB): peak = 1294.887 ; gain = 0.000
---------------------------------------------------------------------------------
---------------------------------------------------------------------------------
Finished Constraint Validation : Time (s): cpu = 00:00:05 ; elapsed = 00:00:06 . Memory (MB): peak = 1294.887 ; gain = 0.000
---------------------------------------------------------------------------------
---------------------------------------------------------------------------------
Start Loading Part and Timing Information
---------------------------------------------------------------------------------
Loading part: xc7k70tfbv676-1
---------------------------------------------------------------------------------
Finished Loading Part and Timing Information : Time (s): cpu = 00:00:05 ; elapsed = 00:00:06 . Memory (MB): peak = 1294.887 ; gain = 0.000
---------------------------------------------------------------------------------
INFO: [Device 21-403] Loading part xc7k70tfbv676-1
INFO: [Synth 8-802] inferred FSM for state register 'state_reg' in module 'cpu_controller'
---------------------------------------------------------------------------------------------------
                   State |                     New Encoding |                Previous Encoding 
---------------------------------------------------------------------------------------------------
                    idle |                              000 |                              000
                   fetch |                              001 |                              001
                  decode |                              010 |                              010
                 execute |                              011 |                              011
            increment_pc |                              100 |                              100
                    halt |                              101 |                              101
---------------------------------------------------------------------------------------------------
INFO: [Synth 8-3354] encoded FSM with state register 'state_reg' using encoding 'sequential' in module 'cpu_controller'
---------------------------------------------------------------------------------
Finished RTL Optimization Phase 2 : Time (s): cpu = 00:00:06 ; elapsed = 00:00:07 . Memory (MB): peak = 1294.887 ; gain = 0.000
---------------------------------------------------------------------------------
No constraint files found.
---------------------------------------------------------------------------------
Start RTL Component Statistics 
---------------------------------------------------------------------------------
Detailed RTL Component Info : 
+---Adders : 
	   2 Input   17 Bit       Adders := 5     
	   3 Input   17 Bit       Adders := 1     
	   2 Input    4 Bit       Adders := 1     
+---XORs : 
	   2 Input     16 Bit         XORs := 1     
+---Registers : 
	               24 Bit    Registers := 1     
	               16 Bit    Registers := 4     
	                4 Bit    Registers := 1     
	                1 Bit    Registers := 1     
+---Muxes : 
	   2 Input   17 Bit        Muxes := 1     
	   2 Input   16 Bit        Muxes := 2     
	   2 Input    4 Bit        Muxes := 1     
	   2 Input    3 Bit        Muxes := 2     
	   4 Input    3 Bit        Muxes := 1     
	   6 Input    3 Bit        Muxes := 3     
	   2 Input    1 Bit        Muxes := 6     
	   4 Input    1 Bit        Muxes := 6     
	   6 Input    1 Bit        Muxes := 11    
---------------------------------------------------------------------------------
Finished RTL Component Statistics 
---------------------------------------------------------------------------------
---------------------------------------------------------------------------------
Start Part Resource Summary
---------------------------------------------------------------------------------
Part Resources:
DSPs: 240 (col length:80)
BRAMs: 270 (col length: RAMB18 80 RAMB36 40)
---------------------------------------------------------------------------------
Finished Part Resource Summary
---------------------------------------------------------------------------------
No constraint files found.
---------------------------------------------------------------------------------
Start Cross Boundary and Area Optimization
---------------------------------------------------------------------------------
WARNING: [Synth 8-7080] Parallel synthesis criteria is not met
---------------------------------------------------------------------------------
Finished Cross Boundary and Area Optimization : Time (s): cpu = 00:00:10 ; elapsed = 00:00:12 . Memory (MB): peak = 1294.887 ; gain = 0.000
---------------------------------------------------------------------------------
---------------------------------------------------------------------------------
Start ROM, RAM, DSP, Shift Register and Retiming Reporting
---------------------------------------------------------------------------------

Distributed RAM: Preliminary Mapping Report (see note below)
+------------+------------+-----------+----------------------+----------------+
|Module Name | RTL Object | Inference | Size (Depth x Width) | Primitives     | 
+------------+------------+-----------+----------------------+----------------+
|cpu         | IM/mem_reg | Implied   | 16 x 24              | RAM16X1S x 24  | 
|cpu         | DM/mem_reg | Implied   | 16 x 16              | RAM16X1S x 16  | 
+------------+------------+-----------+----------------------+----------------+

Note: The table above is a preliminary report that shows the Distributed RAMs at the current stage of the synthesis flow. Some Distributed RAMs may be reimplemented as non Distributed RAM primitives later in the synthesis flow. Multiple instantiated RAMs are reported only once.
---------------------------------------------------------------------------------
Finished ROM, RAM, DSP, Shift Register and Retiming Reporting
---------------------------------------------------------------------------------
No constraint files found.
---------------------------------------------------------------------------------
Start Timing Optimization
---------------------------------------------------------------------------------
---------------------------------------------------------------------------------
Finished Timing Optimization : Time (s): cpu = 00:00:10 ; elapsed = 00:00:12 . Memory (MB): peak = 1294.887 ; gain = 0.000
---------------------------------------------------------------------------------
---------------------------------------------------------------------------------
Start ROM, RAM, DSP, Shift Register and Retiming Reporting
---------------------------------------------------------------------------------

Distributed RAM: Final Mapping Report
+------------+------------+-----------+----------------------+----------------+
|Module Name | RTL Object | Inference | Size (Depth x Width) | Primitives     | 
+------------+------------+-----------+----------------------+----------------+
|cpu         | IM/mem_reg | Implied   | 16 x 24              | RAM16X1S x 24  | 
|cpu         | DM/mem_reg | Implied   | 16 x 16              | RAM16X1S x 16  | 
+------------+------------+-----------+----------------------+----------------+

---------------------------------------------------------------------------------
Finished ROM, RAM, DSP, Shift Register and Retiming Reporting
---------------------------------------------------------------------------------
---------------------------------------------------------------------------------
Start Technology Mapping
---------------------------------------------------------------------------------
---------------------------------------------------------------------------------
Finished Technology Mapping : Time (s): cpu = 00:00:10 ; elapsed = 00:00:12 . Memory (MB): peak = 1294.887 ; gain = 0.000
---------------------------------------------------------------------------------
---------------------------------------------------------------------------------
Start IO Insertion
---------------------------------------------------------------------------------
---------------------------------------------------------------------------------
Start Flattening Before IO Insertion
---------------------------------------------------------------------------------
---------------------------------------------------------------------------------
Finished Flattening Before IO Insertion
---------------------------------------------------------------------------------
---------------------------------------------------------------------------------
Start Final Netlist Cleanup
---------------------------------------------------------------------------------
---------------------------------------------------------------------------------
Finished Final Netlist Cleanup
---------------------------------------------------------------------------------
---------------------------------------------------------------------------------
Finished IO Insertion : Time (s): cpu = 00:00:13 ; elapsed = 00:00:15 . Memory (MB): peak = 1294.887 ; gain = 0.000
---------------------------------------------------------------------------------
---------------------------------------------------------------------------------
Start Renaming Generated Instances
---------------------------------------------------------------------------------
---------------------------------------------------------------------------------
Finished Renaming Generated Instances : Time (s): cpu = 00:00:13 ; elapsed = 00:00:15 . Memory (MB): peak = 1294.887 ; gain = 0.000
---------------------------------------------------------------------------------
---------------------------------------------------------------------------------
Start Rebuilding User Hierarchy
---------------------------------------------------------------------------------
---------------------------------------------------------------------------------
Finished Rebuilding User Hierarchy : Time (s): cpu = 00:00:13 ; elapsed = 00:00:15 . Memory (MB): peak = 1294.887 ; gain = 0.000
---------------------------------------------------------------------------------
---------------------------------------------------------------------------------
Start Renaming Generated Ports
---------------------------------------------------------------------------------
---------------------------------------------------------------------------------
Finished Renaming Generated Ports : Time (s): cpu = 00:00:13 ; elapsed = 00:00:15 . Memory (MB): peak = 1294.887 ; gain = 0.000
---------------------------------------------------------------------------------
---------------------------------------------------------------------------------
Start Handling Custom Attributes
---------------------------------------------------------------------------------
---------------------------------------------------------------------------------
Finished Handling Custom Attributes : Time (s): cpu = 00:00:13 ; elapsed = 00:00:15 . Memory (MB): peak = 1294.887 ; gain = 0.000
---------------------------------------------------------------------------------
---------------------------------------------------------------------------------
Start Renaming Generated Nets
---------------------------------------------------------------------------------
---------------------------------------------------------------------------------
Finished Renaming Generated Nets : Time (s): cpu = 00:00:13 ; elapsed = 00:00:15 . Memory (MB): peak = 1294.887 ; gain = 0.000
---------------------------------------------------------------------------------
---------------------------------------------------------------------------------
Start Writing Synthesis Report
---------------------------------------------------------------------------------

Report BlackBoxes: 
+-+--------------+----------+
| |BlackBox name |Instances |
+-+--------------+----------+
+-+--------------+----------+

Report Cell Usage: 
+------+---------+------+
|      |Cell     |Count |
+------+---------+------+
|1     |BUFG     |     1|
|2     |CARRY4   |   116|
|3     |LUT1     |    46|
|4     |LUT2     |    93|
|5     |LUT3     |   264|
|6     |LUT4     |    45|
|7     |LUT5     |    36|
|8     |LUT6     |    71|
|9     |MUXF7    |    17|
|10    |RAM16X1S |    40|
|11    |FDCE     |    79|
|12    |FDRE     |    17|
|13    |IBUF     |    32|
|14    |OBUF     |    33|
+------+---------+------+

Report Instance Areas: 
+------+---------+---------------+------+
|      |Instance |Module         |Cells |
+------+---------+---------------+------+
|1     |top      |               |   890|
|2     |  IM     |instr_mem      |    24|
|3     |  ALU    |cpu_alu_16     |   366|
|4     |  CTRL   |cpu_controller |    13|
|5     |  DM     |data_mem       |    16|
|6     |  IR     |cpu_IR_24      |   100|
|7     |  PC     |pc             |     8|
|8     |  RegA   |cpu_reg_16     |    85|
|9     |  RegB   |cpu_reg_16_0   |   196|
|10    |  RegC   |cpu_reg_16_1   |    16|
+------+---------+---------------+------+
---------------------------------------------------------------------------------
Finished Writing Synthesis Report : Time (s): cpu = 00:00:13 ; elapsed = 00:00:15 . Memory (MB): peak = 1294.887 ; gain = 0.000
---------------------------------------------------------------------------------
Synthesis finished with 0 errors, 0 critical warnings and 2 warnings.
Synthesis Optimization Runtime : Time (s): cpu = 00:00:13 ; elapsed = 00:00:15 . Memory (MB): peak = 1294.887 ; gain = 0.000
Synthesis Optimization Complete : Time (s): cpu = 00:00:13 ; elapsed = 00:00:15 . Memory (MB): peak = 1294.887 ; gain = 0.000
INFO: [Project 1-571] Translating synthesized netlist
Netlist sorting complete. Time (s): cpu = 00:00:00 ; elapsed = 00:00:00.013 . Memory (MB): peak = 1294.887 ; gain = 0.000
INFO: [Netlist 29-17] Analyzing 173 Unisim elements for replacement
INFO: [Netlist 29-28] Unisim Transformation completed in 0 CPU seconds
INFO: [Project 1-570] Preparing netlist for logic optimization
INFO: [Opt 31-138] Pushed 0 inverter(s) to 0 load pin(s).
Netlist sorting complete. Time (s): cpu = 00:00:00 ; elapsed = 00:00:00 . Memory (MB): peak = 1294.887 ; gain = 0.000
INFO: [Project 1-111] Unisim Transformation Summary:
  A total of 40 instances were transformed.
  RAM16X1S => RAM32X1S (RAMS32): 40 instances

Synth Design complete, checksum: 7e12a36f
INFO: [Common 17-83] Releasing license: Synthesis
38 Infos, 2 Warnings, 0 Critical Warnings and 0 Errors encountered.
synth_design completed successfully
synth_design: Time (s): cpu = 00:00:16 ; elapsed = 00:00:17 . Memory (MB): peak = 1294.887 ; gain = 0.000
INFO: [Common 17-1381] The checkpoint 'E:/Xilinx/Coumputer_Architecture/CPU/project_1/project_1.runs/synth_1/cpu.dcp' has been generated.
INFO: [runtcl-4] Executing : report_utilization -file cpu_utilization_synth.rpt -pb cpu_utilization_synth.pb
INFO: [Common 17-206] Exiting Vivado at Mon Nov 24 20:34:05 2025...
