Copyright 1986-2022 Xilinx, Inc. All Rights Reserved.
------------------------------------------------------------------------------------
| Tool Version : Vivado v.2022.1 (win64) Build 3526262 Mon Apr 18 15:48:16 MDT 2022
| Date         : Mon Nov 24 20:34:42 2025
| Host         : Muhammad running 64-bit major release  (build 9200)
| Command      : report_control_sets -verbose -file cpu_control_sets_placed.rpt
| Design       : cpu
| Device       : xc7k70t
------------------------------------------------------------------------------------

Control Set Information

Table of Contents
-----------------
1. Summary
2. Histogram
3. Flip-Flop Distribution
4. Detailed Control Set Information

1. Summary
----------

+----------------------------------------------------------+-------+
|                          Status                          | Count |
+----------------------------------------------------------+-------+
| Total control sets                                       |    10 |
|    Minimum number of control sets                        |    10 |
|    Addition due to synthesis replication                 |     0 |
|    Addition due to physical synthesis replication        |     0 |
| Unused register locations in slices containing registers |    16 |
+----------------------------------------------------------+-------+
* Control sets can be merged at opt_design using control_set_merge or merge_equivalent_drivers
** Run report_qor_suggestions for automated merging and remapping suggestions


2. Histogram
------------

+--------------------+-------+
|       Fanout       | Count |
+--------------------+-------+
| Total control sets |    10 |
| >= 0 to < 4        |     2 |
| >= 4 to < 6        |     1 |
| >= 6 to < 8        |     0 |
| >= 8 to < 10       |     0 |
| >= 10 to < 12      |     0 |
| >= 12 to < 14      |     0 |
| >= 14 to < 16      |     0 |
| >= 16              |     7 |
+--------------------+-------+
* Control sets can be remapped at either synth_design or opt_design


3. Flip-Flop Distribution
-------------------------

+--------------+-----------------------+------------------------+-----------------+--------------+
| Clock Enable | Synchronous Set/Reset | Asynchronous Set/Reset | Total Registers | Total Slices |
+--------------+-----------------------+------------------------+-----------------+--------------+
| No           | No                    | No                     |              16 |           12 |
| No           | No                    | Yes                    |               0 |            0 |
| No           | Yes                   | No                     |               1 |            1 |
| Yes          | No                    | No                     |               0 |            0 |
| Yes          | No                    | Yes                    |              95 |           37 |
| Yes          | Yes                   | No                     |               0 |            0 |
+--------------+-----------------------+------------------------+-----------------+--------------+


4. Detailed Control Set Information
-----------------------------------

+----------------+---------------------------------------+------------------+------------------+----------------+--------------+
|  Clock Signal  |             Enable Signal             | Set/Reset Signal | Slice Load Count | Bel Load Count | Bels / Slice |
+----------------+---------------------------------------+------------------+------------------+----------------+--------------+
|  clk_IBUF_BUFG |                                       | IR/alu_mode_ctrl |                1 |              1 |         1.00 |
|  clk_IBUF_BUFG | CTRL/FSM_sequential_state[2]_i_1_n_0  | reset_IBUF       |                2 |              3 |         1.50 |
|  clk_IBUF_BUFG | CTRL/FSM_sequential_state_reg[2]_0[0] | reset_IBUF       |                1 |              4 |         4.00 |
|  clk_IBUF_BUFG |                                       |                  |               12 |             16 |         1.33 |
|  clk_IBUF_BUFG | IR/WeDM                               |                  |                4 |             16 |         4.00 |
|  clk_IBUF_BUFG | IR/E[0]                               | reset_IBUF       |                7 |             16 |         2.29 |
|  clk_IBUF_BUFG | IR/instr_reg[16]_0[0]                 | reset_IBUF       |                7 |             16 |         2.29 |
|  clk_IBUF_BUFG | weIM_IBUF                             |                  |                6 |             24 |         4.00 |
|  clk_IBUF_BUFG | CTRL/E[0]                             | reset_IBUF       |                6 |             24 |         4.00 |
|  clk_IBUF_BUFG | IR/instr_reg[21]_0[0]                 | reset_IBUF       |               14 |             32 |         2.29 |
+----------------+---------------------------------------+------------------+------------------+----------------+--------------+


